============================= test session starts =============================
platform win32 -- Python 3.11.9, pytest-7.4.4, pluggy-1.6.0
rootdir: C:\AI_Projects\Fallat_CrewAI
configfile: pytest.ini
plugins: anyio-4.10.0, langsmith-0.4.8, libtmux-0.46.2, asyncio-0.23.3
asyncio: mode=Mode.STRICT
collected 55 items / 1 error

=================================== ERRORS ====================================
_____________ ERROR collecting tests/test_autonomous_workflow.py ______________
C:\Users\Joshua\AppData\Local\Programs\Python\Python311\Lib\site-packages\_pytest\python.py:617: in _importtestmodule
    mod = import_path(self.path, mode=importmode, root=self.config.rootpath)
C:\Users\Joshua\AppData\Local\Programs\Python\Python311\Lib\site-packages\_pytest\pathlib.py:567: in import_path
    importlib.import_module(module_name)
C:\Users\Joshua\AppData\Local\Programs\Python\Python311\Lib\importlib\__init__.py:126: in import_module
    return _bootstrap._gcd_import(name[level:], package, level)
<frozen importlib._bootstrap>:1204: in _gcd_import
    ???
<frozen importlib._bootstrap>:1176: in _find_and_load
    ???
<frozen importlib._bootstrap>:1147: in _find_and_load_unlocked
    ???
<frozen importlib._bootstrap>:690: in _load_unlocked
    ???
C:\Users\Joshua\AppData\Local\Programs\Python\Python311\Lib\site-packages\_pytest\assertion\rewrite.py:177: in exec_module
    source_stat, co = _rewrite_test(fn, self.config)
C:\Users\Joshua\AppData\Local\Programs\Python\Python311\Lib\site-packages\_pytest\assertion\rewrite.py:359: in _rewrite_test
    tree = ast.parse(source, filename=strfn)
C:\Users\Joshua\AppData\Local\Programs\Python\Python311\Lib\ast.py:50: in parse
    return compile(source, filename, mode, flags,
E     File "C:\AI_Projects\Fallat_CrewAI\tests\test_autonomous_workflow.py", line 88
E       """
E       ^
E   SyntaxError: unterminated triple-quoted string literal (detected at line 287)
============================== warnings summary ===============================
backend\api\corporate_router.py:33
  C:\AI_Projects\Fallat_CrewAI\backend\api\corporate_router.py:33: PydanticDeprecatedSince20: Pydantic V1 style `@validator` validators are deprecated. You should migrate to Pydantic V2 style `@field_validator` validators, see the migration guide for more details. Deprecated in Pydantic V2.0 to be removed in V3.0. See Pydantic V2 Migration Guide at https://errors.pydantic.dev/2.12/migration/
    @validator("priority")

backend\api\embedding_router.py:18
  C:\AI_Projects\Fallat_CrewAI\backend\api\embedding_router.py:18: PydanticDeprecatedSince20: `min_items` is deprecated and will be removed, use `min_length` instead. Deprecated in Pydantic V2.0 to be removed in V3.0. See Pydantic V2 Migration Guide at https://errors.pydantic.dev/2.12/migration/
    texts: List[str] = Field(..., min_items=1, description="List of texts to embed")

backend\main_server.py:694
  C:\AI_Projects\Fallat_CrewAI\backend\main_server.py:694: DeprecationWarning: 
          on_event is deprecated, use lifespan event handlers instead.
  
          Read more about it in the
          [FastAPI docs for Lifespan Events](https://fastapi.tiangolo.com/advanced/events/).
          
    @app.on_event("startup")

..\..\Users\Joshua\AppData\Local\Programs\Python\Python311\Lib\site-packages\fastapi\applications.py:4495
..\..\Users\Joshua\AppData\Local\Programs\Python\Python311\Lib\site-packages\fastapi\applications.py:4495
  C:\Users\Joshua\AppData\Local\Programs\Python\Python311\Lib\site-packages\fastapi\applications.py:4495: DeprecationWarning: 
          on_event is deprecated, use lifespan event handlers instead.
  
          Read more about it in the
          [FastAPI docs for Lifespan Events](https://fastapi.tiangolo.com/advanced/events/).
          
    return self.router.on_event(event_type)

backend\main_server.py:704
  C:\AI_Projects\Fallat_CrewAI\backend\main_server.py:704: DeprecationWarning: 
          on_event is deprecated, use lifespan event handlers instead.
  
          Read more about it in the
          [FastAPI docs for Lifespan Events](https://fastapi.tiangolo.com/advanced/events/).
          
    @app.on_event("shutdown")

-- Docs: https://docs.pytest.org/en/stable/how-to/capture-warnings.html
=========================== short test summary info ===========================
ERROR tests/test_autonomous_workflow.py
!!!!!!!!!!!!!!!!!!! Interrupted: 1 error during collection !!!!!!!!!!!!!!!!!!!!
======================== 6 warnings, 1 error in 14.90s ========================
